=================================================================
==6556==ERROR: AddressSanitizer: heap-buffer-overflow on address 0xf4903ed8 at pc 0x08076026 bp 0xff8f7568 sp 0xff8f7558
WRITE of size 1 at 0xf4903ed8 thread T0
    #0 0x8076025 in doIndent json/indent.c:8
    #1 0x8076025 in sdb_json_indent json/indent.c:78
    #2 0x808d98a in sdb_querys /home/egeretto/Documents/sdb_afl/sdb/src/query.c:786
    #3 0x809112d in sdb_query /home/egeretto/Documents/sdb_afl/sdb/src/query.c:836
    #4 0x804a701 in main /home/egeretto/Documents/sdb_afl/sdb/src/main.c:492
    #5 0xf6ff31c5 in __libc_start_main (/usr/lib/libc.so.6+0x181c5)
    #6 0x804c09f  (/home/egeretto/Documents/sdb_afl/sdb_asan+0x804c09f)

0xf4903ed8 is located 0 bytes to the right of 600-byte region [0xf4903c80,0xf4903ed8)
allocated by thread T0 here:
    #0 0xf72957c4 in malloc (/usr/lib/libasan.so.3+0xdf7c4)
    #1 0x807513c in sdb_json_indent json/indent.c:25

SUMMARY: AddressSanitizer: heap-buffer-overflow json/indent.c:8 in doIndent
Shadow bytes around the buggy address:
  0x3e920780: fa fa fa fa fa fa fa fa fa fa fa fa fa fa fa fa
  0x3e920790: 00 00 00 00 00 00 00 00 00 00 00 00 00 00 00 00
  0x3e9207a0: 00 00 00 00 00 00 00 00 00 00 00 00 00 00 00 00
  0x3e9207b0: 00 00 00 00 00 00 00 00 00 00 00 00 00 00 00 00
  0x3e9207c0: 00 00 00 00 00 00 00 00 00 00 00 00 00 00 00 00
=>0x3e9207d0: 00 00 00 00 00 00 00 00 00 00 00[fa]fa fa fa fa
  0x3e9207e0: fa fa fa fa fa fa fa fa fa fa fa fa fa fa fa fa
  0x3e9207f0: fa fa fa fa fa fa fa fa fa fa fa fa fa fa fa fa
  0x3e920800: fa fa fa fa fa fa fa fa fa fa fa fa fa fa fa fa
  0x3e920810: fa fa fa fa fa fa fa fa fa fa fa fa fa fa fa fa
  0x3e920820: fa fa fa fa fa fa fa fa fa fa fa fa fa fa fa fa
Shadow byte legend (one shadow byte represents 8 application bytes):
  Addressable:           00
  Partially addressable: 01 02 03 04 05 06 07 
  Heap left redzone:       fa
  Heap right redzone:      fb
  Freed heap region:       fd
  Stack left redzone:      f1
  Stack mid redzone:       f2
  Stack right redzone:     f3
  Stack partial redzone:   f4
  Stack after return:      f5
  Stack use after scope:   f8
  Global redzone:          f9
  Global init order:       f6
  Poisoned by user:        f7
  Container overflow:      fc
  Array cookie:            ac
  Intra object redzone:    bb
  ASan internal:           fe
  Left alloca redzone:     ca
  Right alloca redzone:    cb
==6556==ABORTING
