=================================================================
==17685==ERROR: AddressSanitizer: heap-buffer-overflow on address 0xf4c006fa at pc 0x08075889 bp 0xff83b4a8 sp 0xff83b498
READ of size 1 at 0xf4c006fa thread T0
    #0 0x8075888 in rangstr_find json/rangstr.c:109
    #1 0x8075888 in json_get json/path.c:170
    #2 0x807866d in sdb_json_num_get /home/egeretto/Documents/sdb_afl/sdb/src/json.c:46
    #3 0x807ac07 in sdb_json_num_inc /home/egeretto/Documents/sdb_afl/sdb/src/json.c:25
    #4 0x808eca5 in sdb_querys /home/egeretto/Documents/sdb_afl/sdb/src/query.c:456
    #5 0x8091ebd in sdb_query /home/egeretto/Documents/sdb_afl/sdb/src/query.c:826
    #6 0x804a352 in main /home/egeretto/Documents/sdb_afl/sdb/src/main.c:486
    #7 0xf6f951c5 in __libc_start_main (/usr/lib/libc.so.6+0x181c5)
    #8 0x804c50f  (/home/egeretto/Documents/sdb_afl/sdb_asan+0x804c50f)

0xf4c006fa is located 0 bytes to the right of 10-byte region [0xf4c006f0,0xf4c006fa)
allocated by thread T0 here:
    #0 0xf71b3074 in strdup (/usr/lib/libasan.so.3+0x5b074)
    #1 0x808a355 in sdb_querys /home/egeretto/Documents/sdb_afl/sdb/src/query.c:179
    #2 0xf7709fff  (<unknown module>)

SUMMARY: AddressSanitizer: heap-buffer-overflow json/rangstr.c:109 in rangstr_find
Shadow bytes around the buggy address:
  0x3e980080: fa fa fa fa fa fa fa fa fa fa fa fa fa fa fa fa
  0x3e980090: fa fa fa fa fa fa fa fa fa fa fa fa fa fa fa fa
  0x3e9800a0: fa fa fa fa fa fa fa fa fa fa fa fa fa fa fa fa
  0x3e9800b0: fa fa fa fa fa fa fa fa fa fa fa fa fa fa fa fa
  0x3e9800c0: fa fa fa fa fa fa fa fa fa fa fa fa fa fa fa fa
=>0x3e9800d0: fa fa fa fa fa fa fa fa fa fa 02 fa fa fa 00[02]
  0x3e9800e0: fa fa 00 04 fa fa 00 02 fa fa 00 04 fa fa 02 fa
  0x3e9800f0: fa fa 00 fa fa fa fd fd fa fa fd fd fa fa fd fd
  0x3e980100: fa fa fa fa fa fa fa fa fa fa fa fa fa fa fa fa
  0x3e980110: fa fa fa fa fa fa fa fa fa fa fa fa fa fa fa fa
  0x3e980120: fa fa fa fa fa fa fa fa fa fa fa fa fa fa fa fa
Shadow byte legend (one shadow byte represents 8 application bytes):
  Addressable:           00
  Partially addressable: 01 02 03 04 05 06 07 
  Heap left redzone:       fa
  Heap right redzone:      fb
  Freed heap region:       fd
  Stack left redzone:      f1
  Stack mid redzone:       f2
  Stack right redzone:     f3
  Stack partial redzone:   f4
  Stack after return:      f5
  Stack use after scope:   f8
  Global redzone:          f9
  Global init order:       f6
  Poisoned by user:        f7
  Container overflow:      fc
  Array cookie:            ac
  Intra object redzone:    bb
  ASan internal:           fe
  Left alloca redzone:     ca
  Right alloca redzone:    cb
==17685==ABORTING
