=================================================================
==17629==ERROR: AddressSanitizer: heap-buffer-overflow on address 0xf4c006ba at pc 0xf71e32a1 bp 0xff9e9f88 sp 0xff9e9b58
WRITE of size 8 at 0xf4c006ba thread T0
    #0 0xf71e32a0  (/usr/lib/libasan.so.3+0x602a0)
    #1 0x8079662 in sdb_json_set /home/egeretto/Documents/sdb_afl/sdb/src/json.c:201
    #2 0x808b53c in sdb_querys /home/egeretto/Documents/sdb_afl/sdb/src/query.c:745
    #3 0x8091ebd in sdb_query /home/egeretto/Documents/sdb_afl/sdb/src/query.c:826
    #4 0x804a352 in main /home/egeretto/Documents/sdb_afl/sdb/src/main.c:486
    #5 0xf6fc01c5 in __libc_start_main (/usr/lib/libc.so.6+0x181c5)
    #6 0x804c50f  (/home/egeretto/Documents/sdb_afl/sdb_asan+0x804c50f)

0xf4c006ba is located 0 bytes to the right of 10-byte region [0xf4c006b0,0xf4c006ba)
allocated by thread T0 here:
    #0 0xf72627c4 in malloc (/usr/lib/libasan.so.3+0xdf7c4)
    #1 0x8079561 in sdb_json_set /home/egeretto/Documents/sdb_afl/sdb/src/json.c:170

SUMMARY: AddressSanitizer: heap-buffer-overflow (/usr/lib/libasan.so.3+0x602a0) 
Shadow bytes around the buggy address:
  0x3e980080: fa fa fa fa fa fa fa fa fa fa fa fa fa fa fa fa
  0x3e980090: fa fa fa fa fa fa fa fa fa fa fa fa fa fa fa fa
  0x3e9800a0: fa fa fa fa fa fa fa fa fa fa fa fa fa fa fa fa
  0x3e9800b0: fa fa fa fa fa fa fa fa fa fa fa fa fa fa fa fa
  0x3e9800c0: fa fa fa fa fa fa fa fa fa fa fa fa fa fa fa fa
=>0x3e9800d0: fa fa fa fa fa fa 00[02]fa fa 07 fa fa fa 00 04
  0x3e9800e0: fa fa 07 fa fa fa 00 04 fa fa 00 fa fa fa 02 fa
  0x3e9800f0: fa fa fd fd fa fa fd fa fa fa fd fd fa fa fd fa
  0x3e980100: fa fa fa fa fa fa fa fa fa fa fa fa fa fa fa fa
  0x3e980110: fa fa fa fa fa fa fa fa fa fa fa fa fa fa fa fa
  0x3e980120: fa fa fa fa fa fa fa fa fa fa fa fa fa fa fa fa
Shadow byte legend (one shadow byte represents 8 application bytes):
  Addressable:           00
  Partially addressable: 01 02 03 04 05 06 07 
  Heap left redzone:       fa
  Heap right redzone:      fb
  Freed heap region:       fd
  Stack left redzone:      f1
  Stack mid redzone:       f2
  Stack right redzone:     f3
  Stack partial redzone:   f4
  Stack after return:      f5
  Stack use after scope:   f8
  Global redzone:          f9
  Global init order:       f6
  Poisoned by user:        f7
  Container overflow:      fc
  Array cookie:            ac
  Intra object redzone:    bb
  ASan internal:           fe
  Left alloca redzone:     ca
  Right alloca redzone:    cb
==17629==ABORTING
