ASAN:DEADLYSIGNAL
=================================================================
==21528==ERROR: AddressSanitizer: SEGV on unknown address 0x00000000 (pc 0xf7050f06 bp 0xffff9718 sp 0xffff9294 T0)
    #0 0xf7050f05 in __strlen_sse2_bsf (/usr/lib/libc.so.6+0x89f05)
    #1 0xf71d8add  (/usr/lib/libasan.so.3+0x36add)
    #2 0x8097720 in sdb_array_contains /home/egeretto/Documents/sdb_afl/sdb/src/array.c:493
    #3 0x8097997 in sdb_array_add /home/egeretto/Documents/sdb_afl/sdb/src/array.c:214
    #4 0x8090098 in sdb_querys /home/egeretto/Documents/sdb_afl/sdb/src/query.c:572
    #5 0x8091f7f in sdb_query /home/egeretto/Documents/sdb_afl/sdb/src/query.c:830
    #6 0x804a961 in main /home/egeretto/Documents/sdb_afl/sdb/src/main.c:492
    #7 0xf6fdf1c5 in __libc_start_main (/usr/lib/libc.so.6+0x181c5)
    #8 0x804c4bf  (/home/egeretto/Documents/sdb_afl/sdb_asan+0x804c4bf)

AddressSanitizer can not provide additional info.
SUMMARY: AddressSanitizer: SEGV (/usr/lib/libc.so.6+0x89f05) in __strlen_sse2_bsf
==21528==ABORTING
